Exception in thread "main" java.lang.NullPointerException
    at com.debugger.Demo.processData(Demo.java:15)
    at com.debugger.Main.main(Main.java:23)